Archive member included to satisfy reference by file (symbol)

c:/ac6/systemworkbench/plugins/fr.ac6.mcu.externaltools.arm-none.win32_1.13.2.201705091103/tools/compiler/bin/../lib/gcc/arm-none-eabi/5.4.1/../../../../arm-none-eabi/lib\libm.a(lib_a-wf_exp.o)
                              Src/MAX31855.o (expf)
c:/ac6/systemworkbench/plugins/fr.ac6.mcu.externaltools.arm-none.win32_1.13.2.201705091103/tools/compiler/bin/../lib/gcc/arm-none-eabi/5.4.1/../../../../arm-none-eabi/lib\libm.a(lib_a-wf_pow.o)
                              Src/MAX31855.o (powf)
c:/ac6/systemworkbench/plugins/fr.ac6.mcu.externaltools.arm-none.win32_1.13.2.201705091103/tools/compiler/bin/../lib/gcc/arm-none-eabi/5.4.1/../../../../arm-none-eabi/lib\libm.a(lib_a-ef_exp.o)
                              c:/ac6/systemworkbench/plugins/fr.ac6.mcu.externaltools.arm-none.win32_1.13.2.201705091103/tools/compiler/bin/../lib/gcc/arm-none-eabi/5.4.1/../../../../arm-none-eabi/lib\libm.a(lib_a-wf_exp.o) (__ieee754_expf)
c:/ac6/systemworkbench/plugins/fr.ac6.mcu.externaltools.arm-none.win32_1.13.2.201705091103/tools/compiler/bin/../lib/gcc/arm-none-eabi/5.4.1/../../../../arm-none-eabi/lib\libm.a(lib_a-ef_pow.o)
                              c:/ac6/systemworkbench/plugins/fr.ac6.mcu.externaltools.arm-none.win32_1.13.2.201705091103/tools/compiler/bin/../lib/gcc/arm-none-eabi/5.4.1/../../../../arm-none-eabi/lib\libm.a(lib_a-wf_pow.o) (__ieee754_powf)
c:/ac6/systemworkbench/plugins/fr.ac6.mcu.externaltools.arm-none.win32_1.13.2.201705091103/tools/compiler/bin/../lib/gcc/arm-none-eabi/5.4.1/../../../../arm-none-eabi/lib\libm.a(lib_a-ef_sqrt.o)
                              c:/ac6/systemworkbench/plugins/fr.ac6.mcu.externaltools.arm-none.win32_1.13.2.201705091103/tools/compiler/bin/../lib/gcc/arm-none-eabi/5.4.1/../../../../arm-none-eabi/lib\libm.a(lib_a-ef_pow.o) (__ieee754_sqrtf)
c:/ac6/systemworkbench/plugins/fr.ac6.mcu.externaltools.arm-none.win32_1.13.2.201705091103/tools/compiler/bin/../lib/gcc/arm-none-eabi/5.4.1/../../../../arm-none-eabi/lib\libm.a(lib_a-s_lib_ver.o)
                              c:/ac6/systemworkbench/plugins/fr.ac6.mcu.externaltools.arm-none.win32_1.13.2.201705091103/tools/compiler/bin/../lib/gcc/arm-none-eabi/5.4.1/../../../../arm-none-eabi/lib\libm.a(lib_a-wf_exp.o) (__fdlib_version)
c:/ac6/systemworkbench/plugins/fr.ac6.mcu.externaltools.arm-none.win32_1.13.2.201705091103/tools/compiler/bin/../lib/gcc/arm-none-eabi/5.4.1/../../../../arm-none-eabi/lib\libm.a(lib_a-s_matherr.o)
                              c:/ac6/systemworkbench/plugins/fr.ac6.mcu.externaltools.arm-none.win32_1.13.2.201705091103/tools/compiler/bin/../lib/gcc/arm-none-eabi/5.4.1/../../../../arm-none-eabi/lib\libm.a(lib_a-wf_exp.o) (matherr)
c:/ac6/systemworkbench/plugins/fr.ac6.mcu.externaltools.arm-none.win32_1.13.2.201705091103/tools/compiler/bin/../lib/gcc/arm-none-eabi/5.4.1/../../../../arm-none-eabi/lib\libm.a(lib_a-s_rint.o)
                              c:/ac6/systemworkbench/plugins/fr.ac6.mcu.externaltools.arm-none.win32_1.13.2.201705091103/tools/compiler/bin/../lib/gcc/arm-none-eabi/5.4.1/../../../../arm-none-eabi/lib\libm.a(lib_a-wf_pow.o) (rint)
c:/ac6/systemworkbench/plugins/fr.ac6.mcu.externaltools.arm-none.win32_1.13.2.201705091103/tools/compiler/bin/../lib/gcc/arm-none-eabi/5.4.1/../../../../arm-none-eabi/lib\libm.a(lib_a-sf_fabs.o)
                              c:/ac6/systemworkbench/plugins/fr.ac6.mcu.externaltools.arm-none.win32_1.13.2.201705091103/tools/compiler/bin/../lib/gcc/arm-none-eabi/5.4.1/../../../../arm-none-eabi/lib\libm.a(lib_a-ef_pow.o) (fabsf)
c:/ac6/systemworkbench/plugins/fr.ac6.mcu.externaltools.arm-none.win32_1.13.2.201705091103/tools/compiler/bin/../lib/gcc/arm-none-eabi/5.4.1/../../../../arm-none-eabi/lib\libm.a(lib_a-sf_finite.o)
                              c:/ac6/systemworkbench/plugins/fr.ac6.mcu.externaltools.arm-none.win32_1.13.2.201705091103/tools/compiler/bin/../lib/gcc/arm-none-eabi/5.4.1/../../../../arm-none-eabi/lib\libm.a(lib_a-wf_exp.o) (finitef)
c:/ac6/systemworkbench/plugins/fr.ac6.mcu.externaltools.arm-none.win32_1.13.2.201705091103/tools/compiler/bin/../lib/gcc/arm-none-eabi/5.4.1/../../../../arm-none-eabi/lib\libm.a(lib_a-sf_nan.o)
                              c:/ac6/systemworkbench/plugins/fr.ac6.mcu.externaltools.arm-none.win32_1.13.2.201705091103/tools/compiler/bin/../lib/gcc/arm-none-eabi/5.4.1/../../../../arm-none-eabi/lib\libm.a(lib_a-ef_pow.o) (nanf)
c:/ac6/systemworkbench/plugins/fr.ac6.mcu.externaltools.arm-none.win32_1.13.2.201705091103/tools/compiler/bin/../lib/gcc/arm-none-eabi/5.4.1/../../../../arm-none-eabi/lib\libm.a(lib_a-sf_scalbn.o)
                              c:/ac6/systemworkbench/plugins/fr.ac6.mcu.externaltools.arm-none.win32_1.13.2.201705091103/tools/compiler/bin/../lib/gcc/arm-none-eabi/5.4.1/../../../../arm-none-eabi/lib\libm.a(lib_a-ef_pow.o) (scalbnf)
[...]
Memory Configuration

Name             Origin             Length             Attributes
RAM              0x20000000         0x00010000         xrw
CCMRAM           0x10000000         0x00004000         rw
FLASH            0x08000000         0x00080000         xr
*default*        0x00000000         0xffffffff

Linker script and memory map

LOAD c:/ac6/systemworkbench/plugins/fr.ac6.mcu.externaltools.arm-none.win32_1.13.2.201705091103/tools/compiler/bin/../lib/gcc/arm-none-eabi/5.4.1/crti.o
LOAD c:/ac6/systemworkbench/plugins/fr.ac6.mcu.externaltools.arm-none.win32_1.13.2.201705091103/tools/compiler/bin/../lib/gcc/arm-none-eabi/5.4.1/crtbegin.o
LOAD c:/ac6/systemworkbench/plugins/fr.ac6.mcu.externaltools.arm-none.win32_1.13.2.201705091103/tools/compiler/bin/../lib/gcc/arm-none-eabi/5.4.1/../../../../arm-none-eabi/lib/crt0.o
LOAD Drivers/STM32F3xx_HAL_Driver/Src/stm32f3xx_hal.o
LOAD Drivers/STM32F3xx_HAL_Driver/Src/stm32f3xx_hal_cortex.o
LOAD Drivers/STM32F3xx_HAL_Driver/Src/stm32f3xx_hal_dma.o
LOAD Drivers/STM32F3xx_HAL_Driver/Src/stm32f3xx_hal_flash.o
LOAD Drivers/STM32F3xx_HAL_Driver/Src/stm32f3xx_hal_flash_ex.o
LOAD Drivers/STM32F3xx_HAL_Driver/Src/stm32f3xx_hal_gpio.o
LOAD Drivers/STM32F3xx_HAL_Driver/Src/stm32f3xx_hal_i2c.o
LOAD Drivers/STM32F3xx_HAL_Driver/Src/stm32f3xx_hal_i2c_ex.o
LOAD Drivers/STM32F3xx_HAL_Driver/Src/stm32f3xx_hal_pwr.o
LOAD Drivers/STM32F3xx_HAL_Driver/Src/stm32f3xx_hal_pwr_ex.o
LOAD Drivers/STM32F3xx_HAL_Driver/Src/stm32f3xx_hal_rcc.o
LOAD Drivers/STM32F3xx_HAL_Driver/Src/stm32f3xx_hal_rcc_ex.o
LOAD Drivers/STM32F3xx_HAL_Driver/Src/stm32f3xx_hal_spi.o
LOAD Drivers/STM32F3xx_HAL_Driver/Src/stm32f3xx_hal_spi_ex.o
LOAD Drivers/STM32F3xx_HAL_Driver/Src/stm32f3xx_hal_tim.o
LOAD Drivers/STM32F3xx_HAL_Driver/Src/stm32f3xx_hal_tim_ex.o
LOAD Drivers/STM32F3xx_HAL_Driver/Src/stm32f3xx_hal_uart.o
LOAD Drivers/STM32F3xx_HAL_Driver/Src/stm32f3xx_hal_uart_ex.o
LOAD Src/MAX31855.o
LOAD Src/ReflowCurves.o
LOAD Src/button.o
LOAD Src/dma.o
LOAD Src/gpio.o
LOAD Src/main.o
LOAD Src/pid.o
LOAD Src/spi.o
LOAD Src/state.o
LOAD Src/stm32f3xx_hal_msp.o
LOAD Src/stm32f3xx_it.o
LOAD Src/system_stm32f3xx.o
LOAD Src/tim.o
LOAD Src/usart.o
LOAD startup/startup_stm32f303xe.o
LOAD c:/ac6/systemworkbench/plugins/fr.ac6.mcu.externaltools.arm-none.win32_1.13.2.201705091103/tools/compiler/bin/../lib/gcc/arm-none-eabi/5.4.1/../../../../arm-none-eabi/lib\libm.a
START GROUP
LOAD c:/ac6/systemworkbench/plugins/fr.ac6.mcu.externaltools.arm-none.win32_1.13.2.201705091103/tools/compiler/bin/../lib/gcc/arm-none-eabi/5.4.1\libgcc.a
LOAD c:/ac6/systemworkbench/plugins/fr.ac6.mcu.externaltools.arm-none.win32_1.13.2.201705091103/tools/compiler/bin/../lib/gcc/arm-none-eabi/5.4.1/../../../../arm-none-eabi/lib\libc_nano.a
END GROUP
START GROUP
LOAD c:/ac6/systemworkbench/plugins/fr.ac6.mcu.externaltools.arm-none.win32_1.13.2.201705091103/tools/compiler/bin/../lib/gcc/arm-none-eabi/5.4.1\libgcc.a
LOAD c:/ac6/systemworkbench/plugins/fr.ac6.mcu.externaltools.arm-none.win32_1.13.2.201705091103/tools/compiler/bin/../lib/gcc/arm-none-eabi/5.4.1/../../../../arm-none-eabi/lib\libc_nano.a
LOAD c:/ac6/systemworkbench/plugins/fr.ac6.mcu.externaltools.arm-none.win32_1.13.2.201705091103/tools/compiler/bin/../lib/gcc/arm-none-eabi/5.4.1/../../../../arm-none-eabi/lib\libnosys.a
END GROUP
START GROUP
LOAD c:/ac6/systemworkbench/plugins/fr.ac6.mcu.externaltools.arm-none.win32_1.13.2.201705091103/tools/compiler/bin/../lib/gcc/arm-none-eabi/5.4.1\libgcc.a
LOAD c:/ac6/systemworkbench/plugins/fr.ac6.mcu.externaltools.arm-none.win32_1.13.2.201705091103/tools/compiler/bin/../lib/gcc/arm-none-eabi/5.4.1/../../../../arm-none-eabi/lib\libc_nano.a
LOAD c:/ac6/systemworkbench/plugins/fr.ac6.mcu.externaltools.arm-none.win32_1.13.2.201705091103/tools/compiler/bin/../lib/gcc/arm-none-eabi/5.4.1/../../../../arm-none-eabi/lib\libnosys.a
END GROUP
LOAD c:/ac6/systemworkbench/plugins/fr.ac6.mcu.externaltools.arm-none.win32_1.13.2.201705091103/tools/compiler/bin/../lib/gcc/arm-none-eabi/5.4.1/crtend.o
LOAD c:/ac6/systemworkbench/plugins/fr.ac6.mcu.externaltools.arm-none.win32_1.13.2.201705091103/tools/compiler/bin/../lib/gcc/arm-none-eabi/5.4.1/crtn.o
                0x20010000                _estack = 0x20010000
                0x00000200                _Min_Heap_Size = 0x200
                0x00000400                _Min_Stack_Size = 0x400

.isr_vector     0x08000000      0x194
                0x08000000                . = ALIGN (0x4)
 *(.isr_vector)
 .isr_vector    0x08000000      0x194 startup/startup_stm32f303xe.o
                0x08000000                g_pfnVectors
                0x08000194                . = ALIGN (0x4)

.text           0x08000194     0x2574
                0x08000194                . = ALIGN (0x4)
 *(.text)
 .text          0x08000194       0x98 c:/ac6/systemworkbench/plugins/fr.ac6.mcu.externaltools.arm-none.win32_1.13.2.201705091103/tools/compiler/bin/../lib/gcc/arm-none-eabi/5.4.1/crtbegin.o
 *(.text*)
 .text.HAL_InitTick
                0x0800022c       0x2c Drivers/STM32F3xx_HAL_Driver/Src/stm32f3xx_hal.o
                0x0800022c                HAL_InitTick
 .text.HAL_Init
                0x08000258       0x24 Drivers/STM32F3xx_HAL_Driver/Src/stm32f3xx_hal.o
                0x08000258                HAL_Init
 .text.HAL_IncTick
                0x0800027c       0x10 Drivers/STM32F3xx_HAL_Driver/Src/stm32f3xx_hal.o
                0x0800027c                HAL_IncTick
 .text.HAL_GetTick
                0x0800028c        0xc Drivers/STM32F3xx_HAL_Driver/Src/stm32f3xx_hal.o
                0x0800028c                HAL_GetTick
 .text.HAL_NVIC_SetPriorityGrouping
                0x08000298       0x24 Drivers/STM32F3xx_HAL_Driver/Src/stm32f3xx_hal_cortex.o
                0x08000298                HAL_NVIC_SetPriorityGrouping
 .text.HAL_NVIC_SetPriority
                0x080002bc       0x64 Drivers/STM32F3xx_HAL_Driver/Src/stm32f3xx_hal_cortex.o
                0x080002bc                HAL_NVIC_SetPriority
 .text.HAL_NVIC_EnableIRQ
                0x08000320       0x18 Drivers/STM32F3xx_HAL_Driver/Src/stm32f3xx_hal_cortex.o
                0x08000320                HAL_NVIC_EnableIRQ
 .text.HAL_SYSTICK_Config
                0x08000338       0x2c Drivers/STM32F3xx_HAL_Driver/Src/stm32f3xx_hal_cortex.o
                0x08000338                HAL_SYSTICK_Config
 .text.HAL_SYSTICK_CLKSourceConfig
                0x08000364       0x20 Drivers/STM32F3xx_HAL_Driver/Src/stm32f3xx_hal_cortex.o
                0x08000364                HAL_SYSTICK_CLKSourceConfig
 .text.HAL_SYSTICK_Callback
                0x08000384        0x4 Drivers/STM32F3xx_HAL_Driver/Src/stm32f3xx_hal_cortex.o
                0x08000384                HAL_SYSTICK_Callback
 .text.HAL_SYSTICK_IRQHandler
                0x08000388        0x8 Drivers/STM32F3xx_HAL_Driver/Src/stm32f3xx_hal_cortex.o
                0x08000388                HAL_SYSTICK_IRQHandler
 .text.DMA_CalcBaseAndBitshift
                0x08000390       0x4c Drivers/STM32F3xx_HAL_Driver/Src/stm32f3xx_hal_dma.o
 .text.HAL_DMA_Init
                0x080003dc       0x58 Drivers/STM32F3xx_HAL_Driver/Src/stm32f3xx_hal_dma.o
                0x080003dc                HAL_DMA_Init
 .text.HAL_DMA_Abort_IT
                0x08000434       0x4c Drivers/STM32F3xx_HAL_Driver/Src/stm32f3xx_hal_dma.o
                0x08000434                HAL_DMA_Abort_IT
 .text.HAL_DMA_IRQHandler
                0x08000480       0xb4 Drivers/STM32F3xx_HAL_Driver/Src/stm32f3xx_hal_dma.o
                0x08000480                HAL_DMA_IRQHandler
 .text.HAL_GPIO_Init
                0x08000534      0x1ac Drivers/STM32F3xx_HAL_Driver/Src/stm32f3xx_hal_gpio.o
                0x08000534                HAL_GPIO_Init
 .text.HAL_GPIO_WritePin
                0x080006e0        0xc Drivers/STM32F3xx_HAL_Driver/Src/stm32f3xx_hal_gpio.o
                0x080006e0                HAL_GPIO_WritePin
 .text.HAL_RCC_OscConfig
                0x080006ec      0x628 Drivers/STM32F3xx_HAL_Driver/Src/stm32f3xx_hal_rcc.o
                0x080006ec                HAL_RCC_OscConfig
 .text.HAL_RCC_GetSysClockFreq
                0x08000d14       0x74 Drivers/STM32F3xx_HAL_Driver/Src/stm32f3xx_hal_rcc.o
                0x08000d14                HAL_RCC_GetSysClockFreq
 .text.HAL_RCC_ClockConfig
                0x08000d88      0x1e4 Drivers/STM32F3xx_HAL_Driver/Src/stm32f3xx_hal_rcc.o
                0x08000d88                HAL_RCC_ClockConfig
 .text.HAL_RCC_GetHCLKFreq
                0x08000f6c        0xc Drivers/STM32F3xx_HAL_Driver/Src/stm32f3xx_hal_rcc.o
                0x08000f6c                HAL_RCC_GetHCLKFreq
 .text.HAL_RCC_GetPCLK1Freq
                0x08000f78       0x30 Drivers/STM32F3xx_HAL_Driver/Src/stm32f3xx_hal_rcc.o
                0x08000f78                HAL_RCC_GetPCLK1Freq
 .text.HAL_RCC_GetPCLK2Freq
                0x08000fa8       0x30 Drivers/STM32F3xx_HAL_Driver/Src/stm32f3xx_hal_rcc.o
                0x08000fa8                HAL_RCC_GetPCLK2Freq
 .text.HAL_RCCEx_PeriphCLKConfig
                0x08000fd8      0x300 Drivers/STM32F3xx_HAL_Driver/Src/stm32f3xx_hal_rcc_ex.o
                0x08000fd8                HAL_RCCEx_PeriphCLKConfig
 .text.HAL_SPI_Init
                0x080012d8       0xbc Drivers/STM32F3xx_HAL_Driver/Src/stm32f3xx_hal_spi.o
                0x080012d8                HAL_SPI_Init
 .text.TIM_TI1_ConfigInputStage
                0x08001394       0x28 Drivers/STM32F3xx_HAL_Driver/Src/stm32f3xx_hal_tim.o
 .text.TIM_TI2_ConfigInputStage
                0x080013bc       0x28 Drivers/STM32F3xx_HAL_Driver/Src/stm32f3xx_hal_tim.o
 .text.TIM_ITRx_SetConfig
                0x080013e4       0x10 Drivers/STM32F3xx_HAL_Driver/Src/stm32f3xx_hal_tim.o
 .text.HAL_TIM_PeriodElapsedCallback
                0x080013f4        0x4 Drivers/STM32F3xx_HAL_Driver/Src/stm32f3xx_hal_tim.o
                0x080013f4                HAL_TIM_PeriodElapsedCallback
 .text.HAL_TIM_OC_DelayElapsedCallback
                0x080013f8        0x4 Drivers/STM32F3xx_HAL_Driver/Src/stm32f3xx_hal_tim.o
                0x080013f8                HAL_TIM_OC_DelayElapsedCallback
 .text.HAL_TIM_IC_CaptureCallback
                0x080013fc        0x4 Drivers/STM32F3xx_HAL_Driver/Src/stm32f3xx_hal_tim.o
                0x080013fc                HAL_TIM_IC_CaptureCallback
 .text.HAL_TIM_PWM_PulseFinishedCallback
                0x08001400        0x4 Drivers/STM32F3xx_HAL_Driver/Src/stm32f3xx_hal_tim.o
                0x08001400                HAL_TIM_PWM_PulseFinishedCallback
 .text.HAL_TIM_TriggerCallback
                0x08001404        0x4 Drivers/STM32F3xx_HAL_Driver/Src/stm32f3xx_hal_tim.o
                0x08001404                HAL_TIM_TriggerCallback
 .text.HAL_TIM_IRQHandler
                0x08001408      0x174 Drivers/STM32F3xx_HAL_Driver/Src/stm32f3xx_hal_tim.o
                0x08001408                HAL_TIM_IRQHandler
 .text.TIM_Base_SetConfig
                0x0800157c       0xd0 Drivers/STM32F3xx_HAL_Driver/Src/stm32f3xx_hal_tim.o
                0x0800157c                TIM_Base_SetConfig
 .text.HAL_TIM_Base_Init
                0x0800164c       0x38 Drivers/STM32F3xx_HAL_Driver/Src/stm32f3xx_hal_tim.o
                0x0800164c                HAL_TIM_Base_Init
 .text.TIM_ETR_SetConfig
                0x08001684       0x1c Drivers/STM32F3xx_HAL_Driver/Src/stm32f3xx_hal_tim.o
                0x08001684                TIM_ETR_SetConfig
 .text.HAL_TIM_ConfigClockSource
                0x080016a0      0x120 Drivers/STM32F3xx_HAL_Driver/Src/stm32f3xx_hal_tim.o
                0x080016a0                HAL_TIM_ConfigClockSource
 .text.HAL_TIMEx_MasterConfigSynchronization
                0x080017c0       0x60 Drivers/STM32F3xx_HAL_Driver/Src/stm32f3xx_hal_tim_ex.o
                0x080017c0                HAL_TIMEx_MasterConfigSynchronization
 .text.HAL_TIMEx_CommutationCallback
                0x08001820        0x4 Drivers/STM32F3xx_HAL_Driver/Src/stm32f3xx_hal_tim_ex.o
                0x08001820                HAL_TIMEx_CommutationCallback
 .text.HAL_TIMEx_BreakCallback
                0x08001824        0x4 Drivers/STM32F3xx_HAL_Driver/Src/stm32f3xx_hal_tim_ex.o
                0x08001824                HAL_TIMEx_BreakCallback
 .text.UART_EndRxTransfer
                0x08001828       0x1c Drivers/STM32F3xx_HAL_Driver/Src/stm32f3xx_hal_uart.o
 .text.HAL_UART_TxCpltCallback
                0x08001844        0x4 Drivers/STM32F3xx_HAL_Driver/Src/stm32f3xx_hal_uart.o
                0x08001844                HAL_UART_TxCpltCallback
 .text.HAL_UART_RxCpltCallback
                0x08001848        0x4 Drivers/STM32F3xx_HAL_Driver/Src/stm32f3xx_hal_uart.o
                0x08001848                HAL_UART_RxCpltCallback
 .text.HAL_UART_ErrorCallback
                0x0800184c        0x4 Drivers/STM32F3xx_HAL_Driver/Src/stm32f3xx_hal_uart.o
                0x0800184c                HAL_UART_ErrorCallback
 .text.UART_DMAAbortOnError
                0x08001850       0x14 Drivers/STM32F3xx_HAL_Driver/Src/stm32f3xx_hal_uart.o
 .text.UART_SetConfig
                0x08001864      0x2a0 Drivers/STM32F3xx_HAL_Driver/Src/stm32f3xx_hal_uart.o
                0x08001864                UART_SetConfig
 .text.UART_AdvFeatureConfig
                0x08001b04       0xc8 Drivers/STM32F3xx_HAL_Driver/Src/stm32f3xx_hal_uart.o
                0x08001b04                UART_AdvFeatureConfig
 .text.UART_WaitOnFlagUntilTimeout
                0x08001bcc       0x68 Drivers/STM32F3xx_HAL_Driver/Src/stm32f3xx_hal_uart.o
                0x08001bcc                UART_WaitOnFlagUntilTimeout
 .text.UART_CheckIdleState
                0x08001c34       0x6c Drivers/STM32F3xx_HAL_Driver/Src/stm32f3xx_hal_uart.o
                0x08001c34                UART_CheckIdleState
 .text.HAL_UART_Init
                0x08001ca0       0x6c Drivers/STM32F3xx_HAL_Driver/Src/stm32f3xx_hal_uart.o
                0x08001ca0                HAL_UART_Init
 .text.UART_Transmit_IT
                0x08001d0c       0x6c Drivers/STM32F3xx_HAL_Driver/Src/stm32f3xx_hal_uart.o
                0x08001d0c                UART_Transmit_IT
 .text.UART_EndTransmit_IT
                0x08001d78       0x1c Drivers/STM32F3xx_HAL_Driver/Src/stm32f3xx_hal_uart.o
                0x08001d78                UART_EndTransmit_IT
 .text.UART_Receive_IT
                0x08001d94       0x80 Drivers/STM32F3xx_HAL_Driver/Src/stm32f3xx_hal_uart.o
                0x08001d94                UART_Receive_IT
 .text.HAL_UART_IRQHandler
                0x08001e14      0x158 Drivers/STM32F3xx_HAL_Driver/Src/stm32f3xx_hal_uart.o
                0x08001e14                HAL_UART_IRQHandler
 .text.HAL_UARTEx_WakeupCallback
                0x08001f6c        0x4 Drivers/STM32F3xx_HAL_Driver/Src/stm32f3xx_hal_uart_ex.o
                0x08001f6c                HAL_UARTEx_WakeupCallback
 .text.MX_DMA_Init
                0x08001f70       0x44 Src/dma.o
                0x08001f70                MX_DMA_Init
 .text.MX_GPIO_Init
                0x08001fb4       0xdc Src/gpio.o
                0x08001fb4                MX_GPIO_Init
 .text.Error_Handler
                0x08002090        0x4 Src/main.o
                0x08002090                Error_Handler
 .text.SystemClock_Config
                0x08002094       0xa0 Src/main.o
                0x08002094                SystemClock_Config
 .text.main     0x08002134       0x28 Src/main.o
                0x08002134                main
 .text.MX_SPI2_Init
                0x0800215c       0x48 Src/spi.o
                0x0800215c                MX_SPI2_Init
 .text.HAL_SPI_MspInit
                0x080021a4       0x50 Src/spi.o
                0x080021a4                HAL_SPI_MspInit
 .text.HAL_MspInit
                0x080021f4       0x7c Src/stm32f3xx_hal_msp.o
                0x080021f4                HAL_MspInit
 .text.NMI_Handler
                0x08002270        0x4 Src/stm32f3xx_it.o
                0x08002270                NMI_Handler
 .text.HardFault_Handler
                0x08002274        0x4 Src/stm32f3xx_it.o
                0x08002274                HardFault_Handler
 .text.MemManage_Handler
                0x08002278        0x4 Src/stm32f3xx_it.o
                0x08002278                MemManage_Handler
 .text.BusFault_Handler
                0x0800227c        0x4 Src/stm32f3xx_it.o
                0x0800227c                BusFault_Handler
 .text.UsageFault_Handler
                0x08002280        0x4 Src/stm32f3xx_it.o
                0x08002280                UsageFault_Handler
 .text.SVC_Handler
                0x08002284        0x4 Src/stm32f3xx_it.o
                0x08002284                SVC_Handler
 .text.DebugMon_Handler
                0x08002288        0x4 Src/stm32f3xx_it.o
                0x08002288                DebugMon_Handler
 .text.PendSV_Handler
                0x0800228c        0x4 Src/stm32f3xx_it.o
                0x0800228c                PendSV_Handler
 .text.SysTick_Handler
                0x08002290        0xc Src/stm32f3xx_it.o
                0x08002290                SysTick_Handler
 .text.DMA1_Channel5_IRQHandler
                0x0800229c       0x10 Src/stm32f3xx_it.o
                0x0800229c                DMA1_Channel5_IRQHandler
 .text.DMA1_Channel7_IRQHandler
                0x080022ac       0x10 Src/stm32f3xx_it.o
                0x080022ac                DMA1_Channel7_IRQHandler
 .text.TIM1_UP_TIM16_IRQHandler
                0x080022bc       0x18 Src/stm32f3xx_it.o
                0x080022bc                TIM1_UP_TIM16_IRQHandler
 .text.USART1_IRQHandler
                0x080022d4       0x10 Src/stm32f3xx_it.o
                0x080022d4                USART1_IRQHandler
 .text.USART2_IRQHandler
                0x080022e4       0x10 Src/stm32f3xx_it.o
                0x080022e4                USART2_IRQHandler
 .text.SystemInit
                0x080022f4       0x68 Src/system_stm32f3xx.o
                0x080022f4                SystemInit
 .text.MX_TIM1_Init
                0x0800235c       0x64 Src/tim.o
                0x0800235c                MX_TIM1_Init
 .text.MX_TIM2_Init
                0x080023c0       0x60 Src/tim.o
                0x080023c0                MX_TIM2_Init
 .text.HAL_TIM_Base_MspInit
                0x08002420       0x5c Src/tim.o
                0x08002420                HAL_TIM_Base_MspInit
 .text.MX_USART1_UART_Init
                0x0800247c       0x38 Src/usart.o
                0x0800247c                MX_USART1_UART_Init
 .text.MX_USART2_UART_Init
                0x080024b4       0x38 Src/usart.o
                0x080024b4                MX_USART2_UART_Init
 .text.HAL_UART_MspInit
                0x080024ec      0x110 Src/usart.o
                0x080024ec                HAL_UART_MspInit
 .text.Reset_Handler
                0x080025fc       0x50 startup/startup_stm32f303xe.o
                0x080025fc                Reset_Handler
 .text.Default_Handler
                0x0800264c        0x2 startup/startup_stm32f303xe.o
                0x0800264c                RTC_Alarm_IRQHandler
                0x0800264c                TIM8_TRG_COM_IRQHandler
                0x0800264c                TIM8_CC_IRQHandler
                0x0800264c                SPI4_IRQHandler
                0x0800264c                TIM1_CC_IRQHandler
                0x0800264c                USB_HP_IRQHandler
                0x0800264c                PVD_IRQHandler
                0x0800264c                TAMP_STAMP_IRQHandler
                0x0800264c                EXTI3_IRQHandler
                0x0800264c                I2C3_ER_IRQHandler
                0x0800264c                USB_HP_CAN_TX_IRQHandler
                0x0800264c                EXTI0_IRQHandler
                0x0800264c                I2C2_EV_IRQHandler
                0x0800264c                FPU_IRQHandler
                0x0800264c                ADC1_2_IRQHandler
                0x0800264c                SPI1_IRQHandler
                0x0800264c                CAN_SCE_IRQHandler
                0x0800264c                TIM6_DAC_IRQHandler
                0x0800264c                TIM8_UP_IRQHandler
                0x0800264c                DMA2_Channel2_IRQHandler
                0x0800264c                DMA1_Channel4_IRQHandler
                0x0800264c                TIM20_TRG_COM_IRQHandler
                0x0800264c                USART3_IRQHandler
                0x0800264c                UART5_IRQHandler
                0x0800264c                ADC3_IRQHandler
                0x0800264c                TIM4_IRQHandler
                0x0800264c                CAN_RX1_IRQHandler
                0x0800264c                DMA2_Channel1_IRQHandler
                0x0800264c                I2C1_EV_IRQHandler
                0x0800264c                DMA1_Channel6_IRQHandler
                0x0800264c                UART4_IRQHandler
                0x0800264c                DMA2_Channel4_IRQHandler
                0x0800264c                TIM3_IRQHandler
                0x0800264c                RCC_IRQHandler
                0x0800264c                TIM20_UP_IRQHandler
                0x0800264c                DMA1_Channel1_IRQHandler
                0x0800264c                Default_Handler
                0x0800264c                USBWakeUp_RMP_IRQHandler
                0x0800264c                EXTI15_10_IRQHandler
                0x0800264c                TIM7_IRQHandler
                0x0800264c                I2C3_EV_IRQHandler
                0x0800264c                EXTI9_5_IRQHandler
                0x0800264c                RTC_WKUP_IRQHandler
                0x0800264c                SPI2_IRQHandler
                0x0800264c                USB_LP_CAN_RX0_IRQHandler
                0x0800264c                DMA2_Channel5_IRQHandler
                0x0800264c                USB_LP_IRQHandler
                0x0800264c                EXTI4_IRQHandler
                0x0800264c                TIM1_TRG_COM_TIM17_IRQHandler
                0x0800264c                DMA1_Channel3_IRQHandler
                0x0800264c                ADC4_IRQHandler
                0x0800264c                WWDG_IRQHandler
                0x0800264c                TIM2_IRQHandler
                0x0800264c                COMP7_IRQHandler
                0x0800264c                COMP1_2_3_IRQHandler
                0x0800264c                EXTI1_IRQHandler
                0x0800264c                COMP4_5_6_IRQHandler
                0x0800264c                TIM20_BRK_IRQHandler
                0x0800264c                I2C2_ER_IRQHandler
                0x0800264c                DMA1_Channel2_IRQHandler
                0x0800264c                TIM8_BRK_IRQHandler
                0x0800264c                FLASH_IRQHandler
                0x0800264c                TIM20_CC_IRQHandler
                0x0800264c                SPI3_IRQHandler
                0x0800264c                I2C1_ER_IRQHandler
                0x0800264c                FMC_IRQHandler
                0x0800264c                USBWakeUp_IRQHandler
                0x0800264c                DMA2_Channel3_IRQHandler
                0x0800264c                EXTI2_TSC_IRQHandler
                0x0800264c                TIM1_BRK_TIM15_IRQHandler
 *fill*         0x0800264e        0x2 
 .text.__libc_init_array
                0x08002650       0x88 c:/ac6/systemworkbench/plugins/fr.ac6.mcu.externaltools.arm-none.win32_1.13.2.201705091103/tools/compiler/bin/../lib/gcc/arm-none-eabi/5.4.1/../../../../arm-none-eabi/lib\libc_nano.a(lib_a-init.o)
                0x08002650                __libc_init_array
 *(.glue_7)
 .glue_7        0x080026d8        0x0 linker stubs
 *(.glue_7t)
 .glue_7t       0x080026d8        0x0 linker stubs
 *(.eh_frame)
 .eh_frame      0x080026d8        0x0 c:/ac6/systemworkbench/plugins/fr.ac6.mcu.externaltools.arm-none.win32_1.13.2.201705091103/tools/compiler/bin/../lib/gcc/arm-none-eabi/5.4.1/crtbegin.o
 *(.init)
 .init          0x080026d8        0xc c:/ac6/systemworkbench/plugins/fr.ac6.mcu.externaltools.arm-none.win32_1.13.2.201705091103/tools/compiler/bin/../lib/gcc/arm-none-eabi/5.4.1/crti.o
                0x080026d8                _init
 .init          0x080026e4        0xc c:/ac6/systemworkbench/plugins/fr.ac6.mcu.externaltools.arm-none.win32_1.13.2.201705091103/tools/compiler/bin/../lib/gcc/arm-none-eabi/5.4.1/crtn.o
 *(.fini)
 .fini          0x080026f0        0xc c:/ac6/systemworkbench/plugins/fr.ac6.mcu.externaltools.arm-none.win32_1.13.2.201705091103/tools/compiler/bin/../lib/gcc/arm-none-eabi/5.4.1/crti.o
                0x080026f0                _fini
 .fini          0x080026fc        0xc c:/ac6/systemworkbench/plugins/fr.ac6.mcu.externaltools.arm-none.win32_1.13.2.201705091103/tools/compiler/bin/../lib/gcc/arm-none-eabi/5.4.1/crtn.o
                0x08002708                . = ALIGN (0x4)
                0x08002708                _etext = .

.vfp11_veneer   0x08002708        0x0
 .vfp11_veneer  0x08002708        0x0 linker stubs

.v4_bx          0x08002708        0x0
 .v4_bx         0x08002708        0x0 linker stubs

.iplt           0x08002708        0x0
 .iplt          0x08002708        0x0 c:/ac6/systemworkbench/plugins/fr.ac6.mcu.externaltools.arm-none.win32_1.13.2.201705091103/tools/compiler/bin/../lib/gcc/arm-none-eabi/5.4.1/crtbegin.o

.rodata         0x08002708       0x38
                0x08002708                . = ALIGN (0x4)
 *(.rodata)
 .rodata        0x08002708       0x20 Drivers/STM32F3xx_HAL_Driver/Src/stm32f3xx_hal_rcc.o
                0x08002708                aPLLMULFactorTable
                0x08002718                aPredivFactorTable
 .rodata        0x08002728       0x18 Src/system_stm32f3xx.o
                0x08002728                AHBPrescTable
                0x08002738                APBPrescTable
 *(.rodata*)
                0x08002740                . = ALIGN (0x4)

.rel.dyn        0x08002740        0x0
 .rel.iplt      0x08002740        0x0 c:/ac6/systemworkbench/plugins/fr.ac6.mcu.externaltools.arm-none.win32_1.13.2.201705091103/tools/compiler/bin/../lib/gcc/arm-none-eabi/5.4.1/crtbegin.o

.ARM.extab
 *(.ARM.extab* .gnu.linkonce.armextab.*)

.ARM            0x08002740        0x0
                0x08002740                __exidx_start = .
 *(.ARM.exidx*)
                0x08002740                __exidx_end = .

.preinit_array  0x08002740        0x0
                0x08002740                PROVIDE (__preinit_array_start, .)
 *(.preinit_array*)
                0x08002740                PROVIDE (__preinit_array_end, .)

.init_array     0x08002740        0x4
                0x08002740                PROVIDE (__init_array_start, .)
 *(SORT(.init_array.*))
 *(.init_array*)
 .init_array    0x08002740        0x4 c:/ac6/systemworkbench/plugins/fr.ac6.mcu.externaltools.arm-none.win32_1.13.2.201705091103/tools/compiler/bin/../lib/gcc/arm-none-eabi/5.4.1/crtbegin.o
                0x08002744                PROVIDE (__init_array_end, .)

.fini_array     0x08002744        0x4
                [!provide]                PROVIDE (__fini_array_start, .)
 *(SORT(.fini_array.*))
 *(.fini_array*)
 .fini_array    0x08002744        0x4 c:/ac6/systemworkbench/plugins/fr.ac6.mcu.externaltools.arm-none.win32_1.13.2.201705091103/tools/compiler/bin/../lib/gcc/arm-none-eabi/5.4.1/crtbegin.o
                [!provide]                PROVIDE (__fini_array_end, .)
                0x08002748                _sidata = LOADADDR (.data)

.data           0x20000000        0x4 load address 0x08002748
                0x20000000                . = ALIGN (0x4)
                0x20000000                _sdata = .
 *(.data)
 .data          0x20000000        0x4 Src/system_stm32f3xx.o
                0x20000000                SystemCoreClock
 *(.data*)
                0x20000004                . = ALIGN (0x4)
                0x20000004                _edata = .
                0x0800274c                _siccmram = LOADADDR (.ccmram)

.jcr            0x20000004        0x0 load address 0x0800274c
 .jcr           0x20000004        0x0 c:/ac6/systemworkbench/plugins/fr.ac6.mcu.externaltools.arm-none.win32_1.13.2.201705091103/tools/compiler/bin/../lib/gcc/arm-none-eabi/5.4.1/crtbegin.o

.igot.plt       0x20000004        0x0 load address 0x0800274c
 .igot.plt      0x20000004        0x0 c:/ac6/systemworkbench/plugins/fr.ac6.mcu.externaltools.arm-none.win32_1.13.2.201705091103/tools/compiler/bin/../lib/gcc/arm-none-eabi/5.4.1/crtbegin.o

.ccmram         0x10000000        0x0 load address 0x0800274c
                0x10000000                . = ALIGN (0x4)
                0x10000000                _sccmram = .
 *(.ccmram)
 *(.ccmram*)
                0x10000000                . = ALIGN (0x4)
                0x10000000                _eccmram = .
                0x10000000                . = ALIGN (0x4)

.bss            0x20000004      0x270
                0x20000004                _sbss = .
                0x20000004                __bss_start__ = _sbss
 *(.bss)
 .bss           0x20000004       0x1c c:/ac6/systemworkbench/plugins/fr.ac6.mcu.externaltools.arm-none.win32_1.13.2.201705091103/tools/compiler/bin/../lib/gcc/arm-none-eabi/5.4.1/crtbegin.o
 *(.bss*)
 *(COMMON)
 COMMON         0x20000020        0x4 Drivers/STM32F3xx_HAL_Driver/Src/stm32f3xx_hal.o
                0x20000020                uwTick
 COMMON         0x20000024       0x64 Src/spi.o
                0x20000024                hspi2
 COMMON         0x20000088        0x1 Src/stm32f3xx_it.o
                0x20000088                timeElapsed
 *fill*         0x20000089        0x3 
 COMMON         0x2000008c       0x80 Src/tim.o
                0x2000008c                htim1
                0x200000cc                htim2
 COMMON         0x2000010c      0x168 Src/usart.o
                0x2000010c                hdma_usart1_rx
                0x20000150                hdma_usart2_tx
                0x20000194                huart1
                0x20000204                huart2
                0x20000274                . = ALIGN (0x4)
                0x20000274                _ebss = .
                0x20000274                __bss_end__ = _ebss

._user_heap_stack
                0x20000274      0x604
                0x20000278                . = ALIGN (0x8)
 *fill*         0x20000274        0x4 
                [!provide]                PROVIDE (end, .)
                [!provide]                PROVIDE (_end, .)
                0x20000478                . = (. + _Min_Heap_Size)
 *fill*         0x20000278      0x200 
                0x20000878                . = (. + _Min_Stack_Size)
 *fill*         0x20000478      0x400 
                0x20000878                . = ALIGN (0x8)

/DISCARD/
 libc.a(*)
 libm.a(*)
 libgcc.a(*)

.ARM.attributes
                0x00000000       0x33
 *(.ARM.attributes)
 .ARM.attributes
                0x00000000       0x16 c:/ac6/systemworkbench/plugins/fr.ac6.mcu.externaltools.arm-none.win32_1.13.2.201705091103/tools/compiler/bin/../lib/gcc/arm-none-eabi/5.4.1/crti.o
 .ARM.attributes
                0x00000016       0x30 c:/ac6/systemworkbench/plugins/fr.ac6.mcu.externaltools.arm-none.win32_1.13.2.201705091103/tools/compiler/bin/../lib/gcc/arm-none-eabi/5.4.1/crtbegin.o
 .ARM.attributes
                0x00000046       0x35 Drivers/STM32F3xx_HAL_Driver/Src/stm32f3xx_hal.o
 .ARM.attributes
                0x0000007b       0x35 Drivers/STM32F3xx_HAL_Driver/Src/stm32f3xx_hal_cortex.o
 .ARM.attributes
                0x000000b0       0x35 Drivers/STM32F3xx_HAL_Driver/Src/stm32f3xx_hal_dma.o
 .ARM.attributes
                0x000000e5       0x35 Drivers/STM32F3xx_HAL_Driver/Src/stm32f3xx_hal_gpio.o
 .ARM.attributes
                0x0000011a       0x35 Drivers/STM32F3xx_HAL_Driver/Src/stm32f3xx_hal_rcc.o
 .ARM.attributes
                0x0000014f       0x35 Drivers/STM32F3xx_HAL_Driver/Src/stm32f3xx_hal_rcc_ex.o
 .ARM.attributes
                0x00000184       0x35 Drivers/STM32F3xx_HAL_Driver/Src/stm32f3xx_hal_spi.o
 .ARM.attributes
                0x000001b9       0x35 Drivers/STM32F3xx_HAL_Driver/Src/stm32f3xx_hal_tim.o
 .ARM.attributes
                0x000001ee       0x35 Drivers/STM32F3xx_HAL_Driver/Src/stm32f3xx_hal_tim_ex.o
 .ARM.attributes
                0x00000223       0x35 Drivers/STM32F3xx_HAL_Driver/Src/stm32f3xx_hal_uart.o
 .ARM.attributes
                0x00000258       0x35 Drivers/STM32F3xx_HAL_Driver/Src/stm32f3xx_hal_uart_ex.o
 .ARM.attributes
                0x0000028d       0x35 Src/dma.o
 .ARM.attributes
                0x000002c2       0x35 Src/gpio.o
 .ARM.attributes
                0x000002f7       0x35 Src/main.o
 .ARM.attributes
                0x0000032c       0x35 Src/spi.o
 .ARM.attributes
                0x00000361       0x35 Src/stm32f3xx_hal_msp.o
 .ARM.attributes
                0x00000396       0x35 Src/stm32f3xx_it.o
 .ARM.attributes
                0x000003cb       0x35 Src/system_stm32f3xx.o
 .ARM.attributes
                0x00000400       0x35 Src/tim.o
 .ARM.attributes
                0x00000435       0x35 Src/usart.o
 .ARM.attributes
                0x0000046a       0x21 startup/startup_stm32f303xe.o
 .ARM.attributes
                0x0000048b       0x30 c:/ac6/systemworkbench/plugins/fr.ac6.mcu.externaltools.arm-none.win32_1.13.2.201705091103/tools/compiler/bin/../lib/gcc/arm-none-eabi/5.4.1/../../../../arm-none-eabi/lib\libc_nano.a(lib_a-init.o)
 .ARM.attributes
                0x000004bb       0x18 c:/ac6/systemworkbench/plugins/fr.ac6.mcu.externaltools.arm-none.win32_1.13.2.201705091103/tools/compiler/bin/../lib/gcc/arm-none-eabi/5.4.1/crtn.o
OUTPUT(ReflowOven.elf elf32-littlearm)

.debug_info     0x00000000    0x107bc
 .debug_info    0x00000000      0x730 Drivers/STM32F3xx_HAL_Driver/Src/stm32f3xx_hal.o
 .debug_info    0x00000730      0xea7 Drivers/STM32F3xx_HAL_Driver/Src/stm32f3xx_hal_cortex.o
 .debug_info    0x000015d7      0x7f8 Drivers/STM32F3xx_HAL_Driver/Src/stm32f3xx_hal_dma.o
 .debug_info    0x00001dcf      0x724 Drivers/STM32F3xx_HAL_Driver/Src/stm32f3xx_hal_gpio.o
 .debug_info    0x000024f3     0x13a2 Drivers/STM32F3xx_HAL_Driver/Src/stm32f3xx_hal_rcc.o
 .debug_info    0x00003895      0x7be Drivers/STM32F3xx_HAL_Driver/Src/stm32f3xx_hal_rcc_ex.o
 .debug_info    0x00004053     0x1d59 Drivers/STM32F3xx_HAL_Driver/Src/stm32f3xx_hal_spi.o
 .debug_info    0x00005dac     0x2dff Drivers/STM32F3xx_HAL_Driver/Src/stm32f3xx_hal_tim.o
 .debug_info    0x00008bab     0x1613 Drivers/STM32F3xx_HAL_Driver/Src/stm32f3xx_hal_tim_ex.o
 .debug_info    0x0000a1be     0x1985 Drivers/STM32F3xx_HAL_Driver/Src/stm32f3xx_hal_uart.o
 .debug_info    0x0000bb43      0x8e4 Drivers/STM32F3xx_HAL_Driver/Src/stm32f3xx_hal_uart_ex.o
 .debug_info    0x0000c427      0x42a Src/dma.o
 .debug_info    0x0000c851      0x41f Src/gpio.o
 .debug_info    0x0000cc70      0x734 Src/main.o
 .debug_info    0x0000d3a4      0x885 Src/spi.o
 .debug_info    0x0000dc29      0x4af Src/stm32f3xx_hal_msp.o
 .debug_info    0x0000e0d8      0xa5a Src/stm32f3xx_it.o
 .debug_info    0x0000eb32      0x404 Src/system_stm32f3xx.o
 .debug_info    0x0000ef36      0xb39 Src/tim.o
 .debug_info    0x0000fa6f      0xcc6 Src/usart.o
 .debug_info    0x00010735       0x87 startup/startup_stm32f303xe.o

.debug_abbrev   0x00000000     0x242a
 .debug_abbrev  0x00000000      0x1c1 Drivers/STM32F3xx_HAL_Driver/Src/stm32f3xx_hal.o
 .debug_abbrev  0x000001c1      0x2e2 Drivers/STM32F3xx_HAL_Driver/Src/stm32f3xx_hal_cortex.o
 .debug_abbrev  0x000004a3      0x201 Drivers/STM32F3xx_HAL_Driver/Src/stm32f3xx_hal_dma.o
 .debug_abbrev  0x000006a4      0x1cd Drivers/STM32F3xx_HAL_Driver/Src/stm32f3xx_hal_gpio.o
 .debug_abbrev  0x00000871      0x283 Drivers/STM32F3xx_HAL_Driver/Src/stm32f3xx_hal_rcc.o
 .debug_abbrev  0x00000af4      0x242 Drivers/STM32F3xx_HAL_Driver/Src/stm32f3xx_hal_rcc_ex.o
 .debug_abbrev  0x00000d36      0x22c Drivers/STM32F3xx_HAL_Driver/Src/stm32f3xx_hal_spi.o
 .debug_abbrev  0x00000f62      0x21b Drivers/STM32F3xx_HAL_Driver/Src/stm32f3xx_hal_tim.o
 .debug_abbrev  0x0000117d      0x21b Drivers/STM32F3xx_HAL_Driver/Src/stm32f3xx_hal_tim_ex.o
 .debug_abbrev  0x00001398      0x216 Drivers/STM32F3xx_HAL_Driver/Src/stm32f3xx_hal_uart.o
 .debug_abbrev  0x000015ae      0x1d3 Drivers/STM32F3xx_HAL_Driver/Src/stm32f3xx_hal_uart_ex.o
 .debug_abbrev  0x00001781      0x114 Src/dma.o
 .debug_abbrev  0x00001895      0x148 Src/gpio.o
 .debug_abbrev  0x000019dd      0x15f Src/main.o
 .debug_abbrev  0x00001b3c      0x1b3 Src/spi.o
 .debug_abbrev  0x00001cef      0x114 Src/stm32f3xx_hal_msp.o
 .debug_abbrev  0x00001e03      0x199 Src/stm32f3xx_it.o
 .debug_abbrev  0x00001f9c      0x104 Src/system_stm32f3xx.o
 .debug_abbrev  0x000020a0      0x1bc Src/tim.o
 .debug_abbrev  0x0000225c      0x1bc Src/usart.o
 .debug_abbrev  0x00002418       0x12 startup/startup_stm32f303xe.o

.debug_loc      0x00000000     0x9fda
 .debug_loc     0x00000000       0x4b Drivers/STM32F3xx_HAL_Driver/Src/stm32f3xx_hal.o
 .debug_loc     0x0000004b      0x548 Drivers/STM32F3xx_HAL_Driver/Src/stm32f3xx_hal_cortex.o
 .debug_loc     0x00000593      0x658 Drivers/STM32F3xx_HAL_Driver/Src/stm32f3xx_hal_dma.o
 .debug_loc     0x00000beb      0x2f4 Drivers/STM32F3xx_HAL_Driver/Src/stm32f3xx_hal_gpio.o
 .debug_loc     0x00000edf      0x9d1 Drivers/STM32F3xx_HAL_Driver/Src/stm32f3xx_hal_rcc.o
 .debug_loc     0x000018b0      0xad9 Drivers/STM32F3xx_HAL_Driver/Src/stm32f3xx_hal_rcc_ex.o
 .debug_loc     0x00002389     0x194a Drivers/STM32F3xx_HAL_Driver/Src/stm32f3xx_hal_spi.o
 .debug_loc     0x00003cd3     0x3257 Drivers/STM32F3xx_HAL_Driver/Src/stm32f3xx_hal_tim.o
 .debug_loc     0x00006f2a     0x16cd Drivers/STM32F3xx_HAL_Driver/Src/stm32f3xx_hal_tim_ex.o
 .debug_loc     0x000085f7     0x1502 Drivers/STM32F3xx_HAL_Driver/Src/stm32f3xx_hal_uart.o
 .debug_loc     0x00009af9      0x2ac Drivers/STM32F3xx_HAL_Driver/Src/stm32f3xx_hal_uart_ex.o
 .debug_loc     0x00009da5       0x4d Src/spi.o
 .debug_loc     0x00009df2       0xfe Src/system_stm32f3xx.o
 .debug_loc     0x00009ef0       0x66 Src/tim.o
 .debug_loc     0x00009f56       0x84 Src/usart.o

.debug_aranges  0x00000000      0xde8
 .debug_aranges
                0x00000000       0xb0 Drivers/STM32F3xx_HAL_Driver/Src/stm32f3xx_hal.o
 .debug_aranges
                0x000000b0       0xa8 Drivers/STM32F3xx_HAL_Driver/Src/stm32f3xx_hal_cortex.o
 .debug_aranges
                0x00000158       0x88 Drivers/STM32F3xx_HAL_Driver/Src/stm32f3xx_hal_dma.o
 .debug_aranges
                0x000001e0       0x58 Drivers/STM32F3xx_HAL_Driver/Src/stm32f3xx_hal_gpio.o
 .debug_aranges
                0x00000238       0x88 Drivers/STM32F3xx_HAL_Driver/Src/stm32f3xx_hal_rcc.o
 .debug_aranges
                0x000002c0       0x38 Drivers/STM32F3xx_HAL_Driver/Src/stm32f3xx_hal_rcc_ex.o
 .debug_aranges
                0x000002f8      0x1d8 Drivers/STM32F3xx_HAL_Driver/Src/stm32f3xx_hal_spi.o
 .debug_aranges
                0x000004d0      0x368 Drivers/STM32F3xx_HAL_Driver/Src/stm32f3xx_hal_tim.o
 .debug_aranges
                0x00000838      0x170 Drivers/STM32F3xx_HAL_Driver/Src/stm32f3xx_hal_tim_ex.o
 .debug_aranges
                0x000009a8      0x1f0 Drivers/STM32F3xx_HAL_Driver/Src/stm32f3xx_hal_uart.o
 .debug_aranges
                0x00000b98       0x48 Drivers/STM32F3xx_HAL_Driver/Src/stm32f3xx_hal_uart_ex.o
 .debug_aranges
                0x00000be0       0x20 Src/dma.o
 .debug_aranges
                0x00000c00       0x20 Src/gpio.o
 .debug_aranges
                0x00000c20       0x30 Src/main.o
 .debug_aranges
                0x00000c50       0x30 Src/spi.o
 .debug_aranges
                0x00000c80       0x20 Src/stm32f3xx_hal_msp.o
 .debug_aranges
                0x00000ca0       0x88 Src/stm32f3xx_it.o
 .debug_aranges
                0x00000d28       0x28 Src/system_stm32f3xx.o
 .debug_aranges
                0x00000d50       0x38 Src/tim.o
 .debug_aranges
                0x00000d88       0x38 Src/usart.o
 .debug_aranges
                0x00000dc0       0x28 startup/startup_stm32f303xe.o

.debug_ranges   0x00000000      0xcd0
 .debug_ranges  0x00000000       0xa0 Drivers/STM32F3xx_HAL_Driver/Src/stm32f3xx_hal.o
 .debug_ranges  0x000000a0       0x98 Drivers/STM32F3xx_HAL_Driver/Src/stm32f3xx_hal_cortex.o
 .debug_ranges  0x00000138       0x78 Drivers/STM32F3xx_HAL_Driver/Src/stm32f3xx_hal_dma.o
 .debug_ranges  0x000001b0       0x48 Drivers/STM32F3xx_HAL_Driver/Src/stm32f3xx_hal_gpio.o
 .debug_ranges  0x000001f8       0x90 Drivers/STM32F3xx_HAL_Driver/Src/stm32f3xx_hal_rcc.o
 .debug_ranges  0x00000288       0x40 Drivers/STM32F3xx_HAL_Driver/Src/stm32f3xx_hal_rcc_ex.o
 .debug_ranges  0x000002c8      0x1c8 Drivers/STM32F3xx_HAL_Driver/Src/stm32f3xx_hal_spi.o
 .debug_ranges  0x00000490      0x358 Drivers/STM32F3xx_HAL_Driver/Src/stm32f3xx_hal_tim.o
 .debug_ranges  0x000007e8      0x160 Drivers/STM32F3xx_HAL_Driver/Src/stm32f3xx_hal_tim_ex.o
 .debug_ranges  0x00000948      0x1e0 Drivers/STM32F3xx_HAL_Driver/Src/stm32f3xx_hal_uart.o
 .debug_ranges  0x00000b28       0x38 Drivers/STM32F3xx_HAL_Driver/Src/stm32f3xx_hal_uart_ex.o
 .debug_ranges  0x00000b60       0x10 Src/dma.o
 .debug_ranges  0x00000b70       0x10 Src/gpio.o
 .debug_ranges  0x00000b80       0x20 Src/main.o
 .debug_ranges  0x00000ba0       0x20 Src/spi.o
 .debug_ranges  0x00000bc0       0x10 Src/stm32f3xx_hal_msp.o
 .debug_ranges  0x00000bd0       0x78 Src/stm32f3xx_it.o
 .debug_ranges  0x00000c48       0x18 Src/system_stm32f3xx.o
 .debug_ranges  0x00000c60       0x28 Src/tim.o
 .debug_ranges  0x00000c88       0x28 Src/usart.o
 .debug_ranges  0x00000cb0       0x20 startup/startup_stm32f303xe.o

.debug_macro    0x00000000    0x227b1
 .debug_macro   0x00000000      0x34c Drivers/STM32F3xx_HAL_Driver/Src/stm32f3xx_hal.o
 .debug_macro   0x0000034c      0x88c Drivers/STM32F3xx_HAL_Driver/Src/stm32f3xx_hal.o
 .debug_macro   0x00000bd8       0xab Drivers/STM32F3xx_HAL_Driver/Src/stm32f3xx_hal.o
 .debug_macro   0x00000c83       0x31 Drivers/STM32F3xx_HAL_Driver/Src/stm32f3xx_hal.o
 .debug_macro   0x00000cb4       0x28 Drivers/STM32F3xx_HAL_Driver/Src/stm32f3xx_hal.o
 .debug_macro   0x00000cdc       0x22 Drivers/STM32F3xx_HAL_Driver/Src/stm32f3xx_hal.o
 .debug_macro   0x00000cfe       0x87 Drivers/STM32F3xx_HAL_Driver/Src/stm32f3xx_hal.o
 .debug_macro   0x00000d85       0x44 Drivers/STM32F3xx_HAL_Driver/Src/stm32f3xx_hal.o
 .debug_macro   0x00000dc9       0xfd Drivers/STM32F3xx_HAL_Driver/Src/stm32f3xx_hal.o
 .debug_macro   0x00000ec6       0x5e Drivers/STM32F3xx_HAL_Driver/Src/stm32f3xx_hal.o
 .debug_macro   0x00000f24      0x1df Drivers/STM32F3xx_HAL_Driver/Src/stm32f3xx_hal.o
 .debug_macro   0x00001103       0x35 Drivers/STM32F3xx_HAL_Driver/Src/stm32f3xx_hal.o
 .debug_macro   0x00001138       0x50 Drivers/STM32F3xx_HAL_Driver/Src/stm32f3xx_hal.o
 .debug_macro   0x00001188      0xe66 Drivers/STM32F3xx_HAL_Driver/Src/stm32f3xx_hal.o
 .debug_macro   0x00001fee    0x1534c Drivers/STM32F3xx_HAL_Driver/Src/stm32f3xx_hal.o
 .debug_macro   0x0001733a       0x43 Drivers/STM32F3xx_HAL_Driver/Src/stm32f3xx_hal.o
 .debug_macro   0x0001737d     0x3439 Drivers/STM32F3xx_HAL_Driver/Src/stm32f3xx_hal.o
 .debug_macro   0x0001a7b6       0x52 Drivers/STM32F3xx_HAL_Driver/Src/stm32f3xx_hal.o
 .debug_macro   0x0001a808       0x35 Drivers/STM32F3xx_HAL_Driver/Src/stm32f3xx_hal.o
 .debug_macro   0x0001a83d       0x9c Drivers/STM32F3xx_HAL_Driver/Src/stm32f3xx_hal.o
 .debug_macro   0x0001a8d9       0x16 Drivers/STM32F3xx_HAL_Driver/Src/stm32f3xx_hal.o
 .debug_macro   0x0001a8ef       0x97 Drivers/STM32F3xx_HAL_Driver/Src/stm32f3xx_hal.o
 .debug_macro   0x0001a986      0x30d Drivers/STM32F3xx_HAL_Driver/Src/stm32f3xx_hal.o
 .debug_macro   0x0001ac93       0xfd Drivers/STM32F3xx_HAL_Driver/Src/stm32f3xx_hal.o
 .debug_macro   0x0001ad90       0x10 Drivers/STM32F3xx_HAL_Driver/Src/stm32f3xx_hal.o
 .debug_macro   0x0001ada0       0x52 Drivers/STM32F3xx_HAL_Driver/Src/stm32f3xx_hal.o
 .debug_macro   0x0001adf2       0x1f Drivers/STM32F3xx_HAL_Driver/Src/stm32f3xx_hal.o
 .debug_macro   0x0001ae11       0x43 Drivers/STM32F3xx_HAL_Driver/Src/stm32f3xx_hal.o
 .debug_macro   0x0001ae54       0x20 Drivers/STM32F3xx_HAL_Driver/Src/stm32f3xx_hal.o
 .debug_macro   0x0001ae74      0x187 Drivers/STM32F3xx_HAL_Driver/Src/stm32f3xx_hal.o
 .debug_macro   0x0001affb       0x10 Drivers/STM32F3xx_HAL_Driver/Src/stm32f3xx_hal.o
 .debug_macro   0x0001b00b       0x1c Drivers/STM32F3xx_HAL_Driver/Src/stm32f3xx_hal.o
 .debug_macro   0x0001b027       0x52 Drivers/STM32F3xx_HAL_Driver/Src/stm32f3xx_hal.o
 .debug_macro   0x0001b079       0x40 Drivers/STM32F3xx_HAL_Driver/Src/stm32f3xx_hal.o
 .debug_macro   0x0001b0b9       0x10 Drivers/STM32F3xx_HAL_Driver/Src/stm32f3xx_hal.o
 .debug_macro   0x0001b0c9       0x40 Drivers/STM32F3xx_HAL_Driver/Src/stm32f3xx_hal.o
 .debug_macro   0x0001b109       0xd7 Drivers/STM32F3xx_HAL_Driver/Src/stm32f3xx_hal.o
 .debug_macro   0x0001b1e0       0x16 Drivers/STM32F3xx_HAL_Driver/Src/stm32f3xx_hal.o
 .debug_macro   0x0001b1f6      0x18b Drivers/STM32F3xx_HAL_Driver/Src/stm32f3xx_hal.o
 .debug_macro   0x0001b381       0x49 Drivers/STM32F3xx_HAL_Driver/Src/stm32f3xx_hal.o
 .debug_macro   0x0001b3ca      0x95b Drivers/STM32F3xx_HAL_Driver/Src/stm32f3xx_hal.o
 .debug_macro   0x0001bd25      0x84a Drivers/STM32F3xx_HAL_Driver/Src/stm32f3xx_hal.o
 .debug_macro   0x0001c56f      0x13a Drivers/STM32F3xx_HAL_Driver/Src/stm32f3xx_hal.o
 .debug_macro   0x0001c6a9      0x23a Drivers/STM32F3xx_HAL_Driver/Src/stm32f3xx_hal.o
 .debug_macro   0x0001c8e3      0x1bc Drivers/STM32F3xx_HAL_Driver/Src/stm32f3xx_hal.o
 .debug_macro   0x0001ca9f       0x31 Drivers/STM32F3xx_HAL_Driver/Src/stm32f3xx_hal.o
 .debug_macro   0x0001cad0       0x3c Drivers/STM32F3xx_HAL_Driver/Src/stm32f3xx_hal.o
 .debug_macro   0x0001cb0c      0x23a Drivers/STM32F3xx_HAL_Driver/Src/stm32f3xx_hal.o
 .debug_macro   0x0001cd46       0xcb Drivers/STM32F3xx_HAL_Driver/Src/stm32f3xx_hal.o
 .debug_macro   0x0001ce11      0x21e Drivers/STM32F3xx_HAL_Driver/Src/stm32f3xx_hal.o
 .debug_macro   0x0001d02f      0x202 Drivers/STM32F3xx_HAL_Driver/Src/stm32f3xx_hal.o
 .debug_macro   0x0001d231       0x5b Drivers/STM32F3xx_HAL_Driver/Src/stm32f3xx_hal.o
 .debug_macro   0x0001d28c       0x90 Drivers/STM32F3xx_HAL_Driver/Src/stm32f3xx_hal.o
 .debug_macro   0x0001d31c       0x82 Drivers/STM32F3xx_HAL_Driver/Src/stm32f3xx_hal.o
 .debug_macro   0x0001d39e       0xd4 Drivers/STM32F3xx_HAL_Driver/Src/stm32f3xx_hal.o
 .debug_macro   0x0001d472      0x2e9 Drivers/STM32F3xx_HAL_Driver/Src/stm32f3xx_hal.o
 .debug_macro   0x0001d75b      0x6a1 Drivers/STM32F3xx_HAL_Driver/Src/stm32f3xx_hal.o
 .debug_macro   0x0001ddfc      0x3c2 Drivers/STM32F3xx_HAL_Driver/Src/stm32f3xx_hal.o
 .debug_macro   0x0001e1be      0x566 Drivers/STM32F3xx_HAL_Driver/Src/stm32f3xx_hal.o
 .debug_macro   0x0001e724       0x31 Drivers/STM32F3xx_HAL_Driver/Src/stm32f3xx_hal.o
 .debug_macro   0x0001e755      0x340 Drivers/STM32F3xx_HAL_Driver/Src/stm32f3xx_hal.o
 .debug_macro   0x0001ea95      0x328 Drivers/STM32F3xx_HAL_Driver/Src/stm32f3xx_hal_cortex.o
 .debug_macro   0x0001edbd      0x328 Drivers/STM32F3xx_HAL_Driver/Src/stm32f3xx_hal_dma.o
 .debug_macro   0x0001f0e5      0x360 Drivers/STM32F3xx_HAL_Driver/Src/stm32f3xx_hal_gpio.o
 .debug_macro   0x0001f445      0x34c Drivers/STM32F3xx_HAL_Driver/Src/stm32f3xx_hal_rcc.o
 .debug_macro   0x0001f791      0x328 Drivers/STM32F3xx_HAL_Driver/Src/stm32f3xx_hal_rcc_ex.o
 .debug_macro   0x0001fab9      0x330 Drivers/STM32F3xx_HAL_Driver/Src/stm32f3xx_hal_spi.o
 .debug_macro   0x0001fde9      0x329 Drivers/STM32F3xx_HAL_Driver/Src/stm32f3xx_hal_tim.o
 .debug_macro   0x00020112      0x334 Drivers/STM32F3xx_HAL_Driver/Src/stm32f3xx_hal_tim_ex.o
 .debug_macro   0x00020446      0x330 Drivers/STM32F3xx_HAL_Driver/Src/stm32f3xx_hal_uart.o
 .debug_macro   0x00020776      0x328 Drivers/STM32F3xx_HAL_Driver/Src/stm32f3xx_hal_uart_ex.o
 .debug_macro   0x00020a9e      0x332 Src/dma.o
 .debug_macro   0x00020dd0      0x332 Src/gpio.o
 .debug_macro   0x00021102      0x35d Src/main.o
 .debug_macro   0x0002145f       0x10 Src/main.o
 .debug_macro   0x0002146f      0x33c Src/spi.o
 .debug_macro   0x000217ab      0x328 Src/stm32f3xx_hal_msp.o
 .debug_macro   0x00021ad3      0x332 Src/stm32f3xx_it.o
 .debug_macro   0x00021e05      0x32e Src/system_stm32f3xx.o
 .debug_macro   0x00022133      0x338 Src/tim.o
 .debug_macro   0x0002246b      0x346 Src/usart.o

.debug_line     0x00000000     0xe72f
 .debug_line    0x00000000      0x9b4 Drivers/STM32F3xx_HAL_Driver/Src/stm32f3xx_hal.o
 .debug_line    0x000009b4      0xa4d Drivers/STM32F3xx_HAL_Driver/Src/stm32f3xx_hal_cortex.o
 .debug_line    0x00001401      0xa95 Drivers/STM32F3xx_HAL_Driver/Src/stm32f3xx_hal_dma.o
 .debug_line    0x00001e96      0x9bb Drivers/STM32F3xx_HAL_Driver/Src/stm32f3xx_hal_gpio.o
 .debug_line    0x00002851      0xd1e Drivers/STM32F3xx_HAL_Driver/Src/stm32f3xx_hal_rcc.o
 .debug_line    0x0000356f      0xb66 Drivers/STM32F3xx_HAL_Driver/Src/stm32f3xx_hal_rcc_ex.o
 .debug_line    0x000040d5     0x12ba Drivers/STM32F3xx_HAL_Driver/Src/stm32f3xx_hal_spi.o
 .debug_line    0x0000538f     0x19e5 Drivers/STM32F3xx_HAL_Driver/Src/stm32f3xx_hal_tim.o
 .debug_line    0x00006d74      0xf98 Drivers/STM32F3xx_HAL_Driver/Src/stm32f3xx_hal_tim_ex.o
 .debug_line    0x00007d0c     0x1292 Drivers/STM32F3xx_HAL_Driver/Src/stm32f3xx_hal_uart.o
 .debug_line    0x00008f9e      0x965 Drivers/STM32F3xx_HAL_Driver/Src/stm32f3xx_hal_uart_ex.o
 .debug_line    0x00009903      0x853 Src/dma.o
 .debug_line    0x0000a156      0x86a Src/gpio.o
 .debug_line    0x0000a9c0      0x8bd Src/main.o
 .debug_line    0x0000b27d      0x896 Src/spi.o
 .debug_line    0x0000bb13      0x85c Src/stm32f3xx_hal_msp.o
 .debug_line    0x0000c36f      0x938 Src/stm32f3xx_it.o
 .debug_line    0x0000cca7      0x87e Src/system_stm32f3xx.o
 .debug_line    0x0000d525      0x8ab Src/tim.o
 .debug_line    0x0000ddd0      0x8e0 Src/usart.o
 .debug_line    0x0000e6b0       0x7f startup/startup_stm32f303xe.o

.debug_str      0x00000000    0xc49a4
 .debug_str     0x00000000    0xc0f45 Drivers/STM32F3xx_HAL_Driver/Src/stm32f3xx_hal.o
                              0xc13d7 (size before relaxing)
 .debug_str     0x000c0f45      0x3de Drivers/STM32F3xx_HAL_Driver/Src/stm32f3xx_hal_cortex.o
                              0xc14fa (size before relaxing)
 .debug_str     0x000c1323      0x3f4 Drivers/STM32F3xx_HAL_Driver/Src/stm32f3xx_hal_dma.o
                              0xc0f6f (size before relaxing)
 .debug_str     0x000c1717      0x30e Drivers/STM32F3xx_HAL_Driver/Src/stm32f3xx_hal_gpio.o
                              0xc0ecd (size before relaxing)
 .debug_str     0x000c1a25      0x3fe Drivers/STM32F3xx_HAL_Driver/Src/stm32f3xx_hal_rcc.o
                              0xc1095 (size before relaxing)
 .debug_str     0x000c1e23      0x2b9 Drivers/STM32F3xx_HAL_Driver/Src/stm32f3xx_hal_rcc_ex.o
                              0xc0f15 (size before relaxing)
 .debug_str     0x000c20dc      0x748 Drivers/STM32F3xx_HAL_Driver/Src/stm32f3xx_hal_spi.o
                              0xc14e8 (size before relaxing)
 .debug_str     0x000c2824      0xe96 Drivers/STM32F3xx_HAL_Driver/Src/stm32f3xx_hal_tim.o
                              0xc1c9f (size before relaxing)
 .debug_str     0x000c36ba      0x5b5 Drivers/STM32F3xx_HAL_Driver/Src/stm32f3xx_hal_tim_ex.o
                              0xc1751 (size before relaxing)
 .debug_str     0x000c3c6f      0x91a Drivers/STM32F3xx_HAL_Driver/Src/stm32f3xx_hal_uart.o
                              0xc1807 (size before relaxing)
 .debug_str     0x000c4589       0xed Drivers/STM32F3xx_HAL_Driver/Src/stm32f3xx_hal_uart_ex.o
                              0xc1192 (size before relaxing)
 .debug_str     0x000c4676       0x22 Src/dma.o
                              0xc101a (size before relaxing)
 .debug_str     0x000c4698       0x35 Src/gpio.o
                              0xc0c15 (size before relaxing)
 .debug_str     0x000c46cd       0xb3 Src/main.o
                              0xc13fb (size before relaxing)
 .debug_str     0x000c4780       0x1d Src/spi.o
                              0xc104d (size before relaxing)
 .debug_str     0x000c479d       0x1b Src/stm32f3xx_hal_msp.o
                              0xc1029 (size before relaxing)
 .debug_str     0x000c47b8      0x14c Src/stm32f3xx_it.o
                              0xc1304 (size before relaxing)
 .debug_str     0x000c4904       0x64 Src/system_stm32f3xx.o
                              0xc0c36 (size before relaxing)
 .debug_str     0x000c4968       0x22 Src/tim.o
                              0xc159c (size before relaxing)
 .debug_str     0x000c498a       0x1a Src/usart.o
                              0xc161e (size before relaxing)

.comment        0x00000000       0x6e
 .comment       0x00000000       0x6e Drivers/STM32F3xx_HAL_Driver/Src/stm32f3xx_hal.o
                                 0x6f (size before relaxing)
 .comment       0x0000006e       0x6f Drivers/STM32F3xx_HAL_Driver/Src/stm32f3xx_hal_cortex.o
 .comment       0x0000006e       0x6f Drivers/STM32F3xx_HAL_Driver/Src/stm32f3xx_hal_dma.o
 .comment       0x0000006e       0x6f Drivers/STM32F3xx_HAL_Driver/Src/stm32f3xx_hal_gpio.o
 .comment       0x0000006e       0x6f Drivers/STM32F3xx_HAL_Driver/Src/stm32f3xx_hal_rcc.o
 .comment       0x0000006e       0x6f Drivers/STM32F3xx_HAL_Driver/Src/stm32f3xx_hal_rcc_ex.o
 .comment       0x0000006e       0x6f Drivers/STM32F3xx_HAL_Driver/Src/stm32f3xx_hal_spi.o
 .comment       0x0000006e       0x6f Drivers/STM32F3xx_HAL_Driver/Src/stm32f3xx_hal_tim.o
 .comment       0x0000006e       0x6f Drivers/STM32F3xx_HAL_Driver/Src/stm32f3xx_hal_tim_ex.o
 .comment       0x0000006e       0x6f Drivers/STM32F3xx_HAL_Driver/Src/stm32f3xx_hal_uart.o
 .comment       0x0000006e       0x6f Drivers/STM32F3xx_HAL_Driver/Src/stm32f3xx_hal_uart_ex.o
 .comment       0x0000006e       0x6f Src/dma.o
 .comment       0x0000006e       0x6f Src/gpio.o
 .comment       0x0000006e       0x6f Src/main.o
 .comment       0x0000006e       0x6f Src/spi.o
 .comment       0x0000006e       0x6f Src/stm32f3xx_hal_msp.o
 .comment       0x0000006e       0x6f Src/stm32f3xx_it.o
 .comment       0x0000006e       0x6f Src/system_stm32f3xx.o
 .comment       0x0000006e       0x6f Src/tim.o
 .comment       0x0000006e       0x6f Src/usart.o

.debug_frame    0x00000000     0x2488
 .debug_frame   0x00000000      0x168 Drivers/STM32F3xx_HAL_Driver/Src/stm32f3xx_hal.o
 .debug_frame   0x00000168      0x154 Drivers/STM32F3xx_HAL_Driver/Src/stm32f3xx_hal_cortex.o
 .debug_frame   0x000002bc      0x160 Drivers/STM32F3xx_HAL_Driver/Src/stm32f3xx_hal_dma.o
 .debug_frame   0x0000041c       0xc4 Drivers/STM32F3xx_HAL_Driver/Src/stm32f3xx_hal_gpio.o
 .debug_frame   0x000004e0      0x150 Drivers/STM32F3xx_HAL_Driver/Src/stm32f3xx_hal_rcc.o
 .debug_frame   0x00000630       0x7c Drivers/STM32F3xx_HAL_Driver/Src/stm32f3xx_hal_rcc_ex.o
 .debug_frame   0x000006ac      0x5a4 Drivers/STM32F3xx_HAL_Driver/Src/stm32f3xx_hal_spi.o
 .debug_frame   0x00000c50      0x9d4 Drivers/STM32F3xx_HAL_Driver/Src/stm32f3xx_hal_tim.o
 .debug_frame   0x00001624      0x47c Drivers/STM32F3xx_HAL_Driver/Src/stm32f3xx_hal_tim_ex.o
 .debug_frame   0x00001aa0      0x578 Drivers/STM32F3xx_HAL_Driver/Src/stm32f3xx_hal_uart.o
 .debug_frame   0x00002018       0xb4 Drivers/STM32F3xx_HAL_Driver/Src/stm32f3xx_hal_uart_ex.o
 .debug_frame   0x000020cc       0x2c Src/dma.o
 .debug_frame   0x000020f8       0x34 Src/gpio.o
 .debug_frame   0x0000212c       0x58 Src/main.o
 .debug_frame   0x00002184       0x60 Src/spi.o
 .debug_frame   0x000021e4       0x2c Src/stm32f3xx_hal_msp.o
 .debug_frame   0x00002210      0x120 Src/stm32f3xx_it.o
 .debug_frame   0x00002330       0x30 Src/system_stm32f3xx.o
 .debug_frame   0x00002360       0x7c Src/tim.o
 .debug_frame   0x000023dc       0x78 Src/usart.o
 .debug_frame   0x00002454       0x34 c:/ac6/systemworkbench/plugins/fr.ac6.mcu.externaltools.arm-none.win32_1.13.2.201705091103/tools/compiler/bin/../lib/gcc/arm-none-eabi/5.4.1/../../../../arm-none-eabi/lib\libc_nano.a(lib_a-init.o)
